// Jest Snapshot v1, https://goo.gl/fbAQLP

exports[`<Error/> renders by default 1`] = `
<div
  className="Error"
>
  <h2>
    
  </h2>
</div>
`;
